Archive member included because of file (symbol)

/Applications/FEH//Proteus/EWL/lib/armv7e-m/libc.a(sprintf.o)
                              Libraries/FEHLCD.o (sprintf)
/Applications/FEH//Proteus/EWL/lib/armv7e-m/libc.a(vsnprintf.o)
                              /Applications/FEH//Proteus/EWL/lib/armv7e-m/libc.a(sprintf.o) (vsnprintf)
/Applications/FEH//Proteus/EWL/lib/armv7e-m/libc.a(exit.o)
                              Startup/__arm_start.o (exit)
/Applications/FEH//Proteus/EWL/lib/armv7e-m/libc.a(memcpy.o)
                              Libraries/FEHServo.o (memcpy)
/Applications/FEH//Proteus/EWL/lib/armv7e-m/libc.a(memset.o)
                              Startup/__arm_start.o (memset)
/Applications/FEH//Proteus/EWL/lib/armv7e-m/libc.a(strcmp.o)
                              Libraries/FEHLCD.o (strcmp)
/Applications/FEH//Proteus/EWL/lib/armv7e-m/libc.a(strcpy.o)
                              Libraries/FEHLCD.o (strcpy)
/Applications/FEH//Proteus/EWL/lib/armv7e-m/libc.a(strlen.o)
                              Libraries/FEHLCD.o (strlen)
/Applications/FEH//Proteus/EWL/lib/armv7e-m/libc.a(printformat_.o)
                              (__pformatter_)
/Applications/FEH//Proteus/EWL/lib/armv7e-m/libc.a(scanformat_.o)
                              (__sformatter)
/Applications/FEH//Proteus/EWL/lib/armv7e-m/libc.a(ctype_aeabi.o)
                              /Applications/FEH//Proteus/EWL/lib/armv7e-m/libc.a(scanformat_.o) (isspace)
/Applications/FEH//Proteus/EWL/lib/armv7e-m/libc.a(__strtoul.o)
                              /Applications/FEH//Proteus/EWL/lib/armv7e-m/libc.a(scanformat_.o) (__strtoul)
/Applications/FEH//Proteus/EWL/lib/armv7e-m/libc.a(__filll_mem.o)
                              /Applications/FEH//Proteus/EWL/lib/armv7e-m/libc.a(memset.o) (__fill_mem)
/Applications/FEH//Proteus/EWL/lib/armv7e-m/libc.a(memchr.o)
                              /Applications/FEH//Proteus/EWL/lib/armv7e-m/libc.a(printformat_.o) (memchr)
/Applications/FEH//Proteus/EWL/lib/armv7e-m/libc.a(strchr.o)
                              /Applications/FEH//Proteus/EWL/lib/armv7e-m/libc.a(printformat_.o) (strchr)
/Applications/FEH/Proteus/GCC/bin/../lib/gcc/arm-none-eabi/4.7.4/armv7e-m/libgcc.a(_arm_addsubdf3.o)
                              ../main.o (__aeabi_dsub)
/Applications/FEH/Proteus/GCC/bin/../lib/gcc/arm-none-eabi/4.7.4/armv7e-m/libgcc.a(_arm_muldivdf3.o)
                              ../main.o (__aeabi_dmul)
/Applications/FEH/Proteus/GCC/bin/../lib/gcc/arm-none-eabi/4.7.4/armv7e-m/libgcc.a(_arm_cmpdf2.o)
                              ../rpsnav.o (__aeabi_dcmplt)
/Applications/FEH/Proteus/GCC/bin/../lib/gcc/arm-none-eabi/4.7.4/armv7e-m/libgcc.a(_arm_fixdfsi.o)
                              Libraries/FEHMotor.o (__aeabi_d2iz)
/Applications/FEH/Proteus/GCC/bin/../lib/gcc/arm-none-eabi/4.7.4/armv7e-m/libgcc.a(_arm_fixunsdfsi.o)
                              Libraries/FEHUtility.o (__aeabi_d2uiz)
/Applications/FEH/Proteus/GCC/bin/../lib/gcc/arm-none-eabi/4.7.4/armv7e-m/libgcc.a(_arm_truncdfsf2.o)
                              ../main.o (__aeabi_d2f)
/Applications/FEH/Proteus/GCC/bin/../lib/gcc/arm-none-eabi/4.7.4/armv7e-m/libgcc.a(_arm_addsubsf3.o)
                              ../rpsnav.o (__aeabi_fsub)
/Applications/FEH/Proteus/GCC/bin/../lib/gcc/arm-none-eabi/4.7.4/armv7e-m/libgcc.a(_arm_muldivsf3.o)
                              Drivers/mcg.o (__aeabi_fmul)
/Applications/FEH/Proteus/GCC/bin/../lib/gcc/arm-none-eabi/4.7.4/armv7e-m/libgcc.a(_arm_cmpsf2.o)
                              Libraries/FEHServo.o (__aeabi_fcmpeq)
/Applications/FEH/Proteus/GCC/bin/../lib/gcc/arm-none-eabi/4.7.4/armv7e-m/libgcc.a(_arm_fixsfsi.o)
                              Libraries/FEHLCD.o (__aeabi_f2iz)
/Applications/FEH/Proteus/GCC/bin/../lib/gcc/arm-none-eabi/4.7.4/armv7e-m/libgcc.a(_arm_fixunssfsi.o)
                              Drivers/mcg.o (__aeabi_f2uiz)
/Applications/FEH//Proteus/EWL/lib/armv7e-m/librt.a(gcc_ctor_dtor.o)
                              Startup/__arm_start.o (__init_cpp)
/Applications/FEH//Proteus/EWL/lib/armv7e-m/librt.a(ROMCopy.o)
                              Startup/__arm_start.o (__copy_rom_sections_to_ram)
/Applications/FEH//Proteus/EWL/lib/armv7e-m/librt.a(__arm_eabi_init.o)
                              /Applications/FEH//Proteus/EWL/lib/armv7e-m/libc.a(exit.o) (__destroy_global_chain)
/Applications/FEH//Proteus/EWL/lib/armv7e-m/librt.a(New.o)
                              Libraries/FEHIO.o (operator new(unsigned int))
/Applications/FEH/Proteus/GCC/bin/../lib/gcc/arm-none-eabi/4.7.4/../../../../arm-none-eabi/lib/armv7e-m/libsupc++.a(class_type_info.o)
                              /Applications/FEH//Proteus/EWL/lib/armv7e-m/librt.a(New.o) (vtable for __cxxabiv1::__class_type_info)
/Applications/FEH/Proteus/GCC/bin/../lib/gcc/arm-none-eabi/4.7.4/../../../../arm-none-eabi/lib/armv7e-m/libsupc++.a(eh_alloc.o)
[...]
Memory Configuration

Name             Origin             Length             Attributes
m_interrupts     0x000000000000c000 0x0000000000000400 xr
m_cfmprotrom     0x000000000000c400 0x0000000000000010 xr
m_text           0x000000000000c410 0x0000000000073bf0 xr
m_data           0x000000001fff0400 0x000000000000fc00 xrw
m_data2          0x0000000020000000 0x0000000000010000 xrw
*default*        0x0000000000000000 0xffffffffffffffff

Linker script and memory map

LOAD ../rpsnav.o
LOAD ../main.o
LOAD Startup/__arm_start.o
LOAD Startup/__arm_end.o
LOAD Startup/kinetis_sysinit.o
LOAD Libraries/FEHMotor.o
LOAD Drivers/mcg.o
LOAD Drivers/i2c.o
LOAD Drivers/spi.o
LOAD Drivers/uart.o
LOAD Drivers/ff.o
LOAD Drivers/SDHC.o
LOAD Drivers/lptmr.o
LOAD FEHProteus.o
LOAD Drivers/FEHPropeller.o
LOAD Libraries/FEHUtility.o
LOAD Libraries/FEHIO.o
LOAD Drivers/adc16.o
LOAD Libraries/FEHBuzzer.o
LOAD Libraries/FEHServo.o
LOAD Libraries/FEHLCD.o
LOAD Libraries/FEHAccel.o
LOAD Libraries/FEHBattery.o
LOAD Drivers/FEHXBee.o
LOAD Libraries/FEHRPS.o
LOAD Libraries/FEHSD.o
                0x00000000000135ac                __pformatter = __pformatter_
                [0x00000000000139a4]                __sformatter = __sformatter
LOAD /Applications/FEH//Proteus/EWL/lib/armv7e-m/libstdc++.a
LOAD /Applications/FEH//Proteus/EWL/lib/armv7e-m/libm.a
START GROUP
LOAD /Applications/FEH//Proteus/EWL/lib/armv7e-m/libc.a
LOAD /Applications/FEH//Proteus/EWL/lib/armv7e-m/libc++.a
LOAD /Applications/FEH//Proteus/EWL/lib/armv7e-m/libm.a
LOAD /Applications/FEH/Proteus/GCC/bin/../lib/gcc/arm-none-eabi/4.7.4/armv7e-m/libgcc.a
LOAD /Applications/FEH//Proteus/EWL/lib/armv7e-m/librt.a
LOAD /Applications/FEH/Proteus/GCC/bin/../lib/gcc/arm-none-eabi/4.7.4/../../../../arm-none-eabi/lib/armv7e-m/libsupc++.a
END GROUP
                0x0000000020000000                _estack = 0x20000000
                0x0000000020000000                __SP_INIT = _estack
                0x0000000000000800                __heap_size = 0x800
                0x0000000000000800                __stack_size = 0x800

.interrupts     0x000000000000c000      0x1e0
                0x000000000000c000                __vector_table = .
                0x000000000000c000                . = ALIGN (0x4)
 *(.vectortable)
 .vectortable   0x000000000000c000      0x1e0 Startup/kinetis_sysinit.o
                0x000000000000c1e0                . = ALIGN (0x4)

.cfmprotect     0x000000000000c400        0x0
                0x000000000000c400                . = ALIGN (0x4)
 *(.cfmconfig)
                0x000000000000c400                . = ALIGN (0x4)

.text           0x000000000000c410     0x8520
                0x000000000000c410                . = ALIGN (0x4)
 *(.text)
 .text          0x000000000000c410      0x370 /Applications/FEH/Proteus/GCC/bin/../lib/gcc/arm-none-eabi/4.7.4/armv7e-m/libgcc.a(_arm_addsubdf3.o)
                0x000000000000c410                __aeabi_drsub
                0x000000000000c418                __subdf3
                0x000000000000c418                __aeabi_dsub
                0x000000000000c41c                __aeabi_dadd
                0x000000000000c41c                __adddf3
                0x000000000000c694                __aeabi_ui2d
                0x000000000000c694                __floatunsidf
                0x000000000000c6b4                __floatsidf
                0x000000000000c6b4                __aeabi_i2d
                0x000000000000c6d8                __extendsfdf2
                0x000000000000c6d8                __aeabi_f2d
                0x000000000000c714                __aeabi_ul2d
                0x000000000000c714                __floatundidf
                0x000000000000c724                __aeabi_l2d
                0x000000000000c724                __floatdidf
 .text          0x000000000000c780      0x424 /Applications/FEH/Proteus/GCC/bin/../lib/gcc/arm-none-eabi/4.7.4/armv7e-m/libgcc.a(_arm_muldivdf3.o)
                0x000000000000c780                __aeabi_dmul
                0x000000000000c780                __muldf3
                0x000000000000c9d4                __aeabi_ddiv
                0x000000000000c9d4                __divdf3
 .text          0x000000000000cba4       0x40 /Applications/FEH/Proteus/GCC/bin/../lib/gcc/arm-none-eabi/4.7.4/armv7e-m/libgcc.a(_arm_fixunsdfsi.o)
                0x000000000000cba4                __fixunsdfsi
                0x000000000000cba4                __aeabi_d2uiz
 .text          0x000000000000cbe4       0xa0 /Applications/FEH/Proteus/GCC/bin/../lib/gcc/arm-none-eabi/4.7.4/armv7e-m/libgcc.a(_arm_truncdfsf2.o)
                0x000000000000cbe4                __aeabi_d2f
                0x000000000000cbe4                __truncdfsf2
 .text          0x000000000000cc84      0x21c /Applications/FEH/Proteus/GCC/bin/../lib/gcc/arm-none-eabi/4.7.4/armv7e-m/libgcc.a(_arm_addsubsf3.o)
                0x000000000000cc84                __aeabi_frsub
                0x000000000000cc8c                __aeabi_fsub
                0x000000000000cc8c                __subsf3
                0x000000000000cc90                __aeabi_fadd
                0x000000000000cc90                __addsf3
                0x000000000000cdf0                __aeabi_ui2f
                0x000000000000cdf0                __floatunsisf
                0x000000000000cdf8                __floatsisf
                0x000000000000cdf8                __aeabi_i2f
                0x000000000000ce14                __aeabi_ul2f
                0x000000000000ce14                __floatundisf
                0x000000000000ce24                __aeabi_l2f
                0x000000000000ce24                __floatdisf
 .text          0x000000000000cea0      0x2a0 /Applications/FEH/Proteus/GCC/bin/../lib/gcc/arm-none-eabi/4.7.4/armv7e-m/libgcc.a(_arm_muldivsf3.o)
                0x000000000000cea0                __mulsf3
                0x000000000000cea0                __aeabi_fmul
                0x000000000000d008                __divsf3
                0x000000000000d008                __aeabi_fdiv
 .text          0x000000000000d140       0xec /Applications/FEH/Proteus/GCC/bin/../lib/gcc/arm-none-eabi/4.7.4/armv7e-m/libgcc.a(_arm_cmpsf2.o)
                0x000000000000d140                __gesf2
                0x000000000000d140                __gtsf2
                0x000000000000d148                __ltsf2
                0x000000000000d148                __lesf2
                0x000000000000d150                __nesf2
                0x000000000000d150                __eqsf2
                0x000000000000d150                __cmpsf2
                0x000000000000d1b0                __aeabi_cfrcmple
                0x000000000000d1b8                __aeabi_cfcmpeq
                0x000000000000d1b8                __aeabi_cfcmple
                0x000000000000d1c8                __aeabi_fcmpeq
                0x000000000000d1dc                __aeabi_fcmplt
                0x000000000000d1f0                __aeabi_fcmple
                0x000000000000d204                __aeabi_fcmpge
                0x000000000000d218                __aeabi_fcmpgt
 *(.text*)
 .text._Z41__static_initialization_and_destruction_0ii
                0x000000000000d22c       0x74 ../rpsnav.o
 .text._GLOBAL__sub_I_left_encoder
                0x000000000000d2a0       0x14 ../rpsnav.o
 .text.main     0x000000000000d2b4       0xdc ../main.o
                0x000000000000d2b4                main
 .text._Z41__static_initialization_and_destruction_0ii
                0x000000000000d390      0x104 ../main.o
 .text._GLOBAL__sub_I_left
                0x000000000000d494       0x14 ../main.o
 .text.zero_fill_bss
                0x000000000000d4a8       0x2c Startup/__arm_start.o
 .text.__thumb_startup
                0x000000000000d4d4       0x34 Startup/__arm_start.o
                0x000000000000d4d4                __thumb_startup
 .text.InitFEHProteus
                0x000000000000d508      0x15c Startup/__arm_start.o
                0x000000000000d508                InitFEHProteus
 .text.pll_init_bl
                0x000000000000d664      0x130 Startup/__arm_start.o
 .text.InitPowerButton
                0x000000000000d794       0x90 Startup/__arm_start.o
                0x000000000000d794                InitPowerButton
 .text._ExitProcess
                0x000000000000d824        0xc Startup/__arm_end.o
                0x000000000000d824                _ExitProcess
 .text.Default_Handler
                0x000000000000d830        0xc Startup/kinetis_sysinit.o
                0x000000000000d830                UsageFault_Handler()
                0x000000000000d830                HardFault_Handler()
                0x000000000000d830                SysTick_Handler()
                0x000000000000d830                PendSV_Handler()
                0x000000000000d830                DebugMonitor_Handler()
                0x000000000000d830                MemManage_Handler()
                0x000000000000d830                NMI_Handler()
                0x000000000000d830                SVC_Handler()
                0x000000000000d830                Default_Handler
                0x000000000000d830                BusFault_Handler()
 .text.__init_hardware
                0x000000000000d83c       0x44 Startup/kinetis_sysinit.o
                0x000000000000d83c                __init_hardware
 .text._Z8PortDISRv
                0x000000000000d880       0x64 Startup/kinetis_sysinit.o
                0x000000000000d880                PortDISR()
 *fill*         0x000000000000d8e4        0x4 00
 .text._ZN8FEHMotorC2ENS_12FEHMotorPortEf
                0x000000000000d8e8       0x90 Libraries/FEHMotor.o
                0x000000000000d8e8                FEHMotor::FEHMotor(FEHMotor::FEHMotorPort, float)
                0x000000000000d8e8                FEHMotor::FEHMotor(FEHMotor::FEHMotorPort, float)
 .text._Z21IIC_StartTransmissionhh
                0x000000000000d978       0x98 Drivers/i2c.o
                0x000000000000d978                IIC_StartTransmission(unsigned char, unsigned char)
 .text._Z5Pausev
                0x000000000000da10       0x34 Drivers/i2c.o
                0x000000000000da10                Pause()
 .text._Z21MMA8451QWriteRegisterhh
                0x000000000000da44      0x12c Drivers/i2c.o
                0x000000000000da44                MMA8451QWriteRegister(unsigned char, unsigned char)
 .text._Z12SPI_SendCharh
                0x000000000000db70       0x1c Drivers/spi.o
                0x000000000000db70                SPI_SendChar(unsigned char)
 .text._Z16SPI_WriteCommandhh
                0x000000000000db8c       0x34 Drivers/spi.o
                0x000000000000db8c                SPI_WriteCommand(unsigned char, unsigned char)
 .text._Z13SPI_CS_Assertv
                0x000000000000dbc0       0x24 Drivers/spi.o
                0x000000000000dbc0                SPI_CS_Assert()
 .text._Z15SPI_CS_Deassertv
                0x000000000000dbe4       0x24 Drivers/spi.o
                0x000000000000dbe4                SPI_CS_Deassert()
 .text._Z12SPI_Transferh
                0x000000000000dc08       0x88 Drivers/spi.o
                0x000000000000dc08                SPI_Transfer(unsigned char)
 .text._Z8SPI_Initv
                0x000000000000dc90       0xe8 Drivers/spi.o
                0x000000000000dc90                SPI_Init()
 .text._Z9uart_initPV11UART_MemMapii
                0x000000000000dd78      0x20c Drivers/uart.o
                0x000000000000dd78                uart_init(UART_MemMap volatile*, int, int)
 .text._Z12uart_getcharPV11UART_MemMap
                0x000000000000df84       0x34 Drivers/uart.o
                0x000000000000df84                uart_getchar(UART_MemMap volatile*)
 .text._ZL7mem_setPvij
                0x000000000000dfb8       0x44 Drivers/ff.o
 .text._ZL11move_windowP5FATFSm
                0x000000000000dffc       0xf0 Drivers/ff.o
 .text._ZL4syncP5FATFS
                0x000000000000e0ec      0x188 Drivers/ff.o
 .text._ZL8validateP5FATFSt
                0x000000000000e274       0x5c Drivers/ff.o
 .text._Z6f_syncP3FIL
                0x000000000000e2d0      0x1c0 Drivers/ff.o
                0x000000000000e2d0                f_sync(FIL*)
 .text._Z7f_closeP3FIL
                0x000000000000e490       0x2c Drivers/ff.o
                0x000000000000e490                f_close(FIL*)
 .text._ZL17SDHC_set_baudratemm
                0x000000000000e4bc      0x148 Drivers/SDHC.o
 .text._Z9SDHC_initP17esdhc_info_structPK17esdhc_init_struct
                0x000000000000e604      0x1c4 Drivers/SDHC.o
                0x000000000000e604                SDHC_init(esdhc_info_struct*, esdhc_init_struct const*)
 .text._ZL15SDHC_is_runningv
                0x000000000000e7c8       0x28 Drivers/SDHC.o
 .text._ZL16SDHC_status_waitm
                0x000000000000e7f0       0x38 Drivers/SDHC.o
 .text._ZL17SDHC_send_commandP20esdhc_command_struct
                0x000000000000e828      0x29c Drivers/SDHC.o
 .text._Z10SDHC_ioctlmPv
                0x000000000000eac4      0x96c Drivers/SDHC.o
                0x000000000000eac4                SDHC_ioctl(unsigned long, void*)
 .text._ZL14rcvr_datablockPhm
                0x000000000000f430      0x134 Drivers/SDHC.o
 .text._Z9disk_readhPhmh
                0x000000000000f564      0x144 Drivers/SDHC.o
                0x000000000000f564                disk_read(unsigned char, unsigned char*, unsigned long, unsigned char)
 .text._ZL14xmit_datablockPKhm
                0x000000000000f6a8       0xe0 Drivers/SDHC.o
 .text._Z10disk_writehPKhmh
                0x000000000000f788      0x1d4 Drivers/SDHC.o
                0x000000000000f788                disk_write(unsigned char, unsigned char const*, unsigned long, unsigned char)
 .text._Z10disk_ioctlhhPv
                0x000000000000f95c      0x130 Drivers/SDHC.o
                0x000000000000f95c                disk_ioctl(unsigned char, unsigned char, void*)
 .text._Z11disk_statush
                0x000000000000fa8c       0x30 Drivers/SDHC.o
                0x000000000000fa8c                disk_status(unsigned char)
 .text._Z13time_delay_msm
                0x000000000000fabc       0xa4 Drivers/lptmr.o
                0x000000000000fabc                time_delay_ms(unsigned long)
 .text._Z41__static_initialization_and_destruction_0ii
                0x000000000000fb60       0x30 FEHProteus.o
 .text._GLOBAL__sub_I_Propeller
                0x000000000000fb90       0x14 FEHProteus.o
 .text._ZN12FEHPropellerC2Ev
                0x000000000000fba4       0x20 Drivers/FEHPropeller.o
                0x000000000000fba4                FEHPropeller::FEHPropeller()
                0x000000000000fba4                FEHPropeller::FEHPropeller()
 .text._ZN12FEHPropeller10InitializeEv
                0x000000000000fbc4       0x94 Drivers/FEHPropeller.o
                0x000000000000fbc4                FEHPropeller::Initialize()
 .text._ZL5Delaymjj
                0x000000000000fc58       0xc0 Libraries/FEHUtility.o
 .text._Z5Sleepi
                0x000000000000fd18       0x34 Libraries/FEHUtility.o
                0x000000000000fd18                Sleep(int)
 .text._Z5Sleepd
                0x000000000000fd4c       0x58 Libraries/FEHUtility.o
                0x000000000000fd4c                Sleep(double)
 .text._Z11TimeNowMSecv
                0x000000000000fda4       0x44 Libraries/FEHUtility.o
                0x000000000000fda4                TimeNowMSec()
 .text._ZN15DigitalInputPinC2EN5FEHIO8FEHIOPinE
                0x000000000000fde8       0x24 Libraries/FEHIO.o
                0x000000000000fde8                DigitalInputPin::DigitalInputPin(FEHIO::FEHIOPin)
                0x000000000000fde8                DigitalInputPin::DigitalInputPin(FEHIO::FEHIOPin)
 .text._ZN15DigitalInputPin10InitializeEN5FEHIO8FEHIOPinE
                0x000000000000fe0c      0x21c Libraries/FEHIO.o
                0x000000000000fe0c                DigitalInputPin::Initialize(FEHIO::FEHIOPin)
 .text._ZN15DigitalInputPin5ValueEv
                0x0000000000010028      0x13c Libraries/FEHIO.o
                0x0000000000010028                DigitalInputPin::Value()
 .text._ZN14DigitalEncoderC2EN5FEHIO8FEHIOPinE
                0x0000000000010164       0x2c Libraries/FEHIO.o
                0x0000000000010164                DigitalEncoder::DigitalEncoder(FEHIO::FEHIOPin)
                0x0000000000010164                DigitalEncoder::DigitalEncoder(FEHIO::FEHIOPin)
 .text._Z10enable_irqi
                0x0000000000010190      0x1c0 Libraries/FEHIO.o
                0x0000000000010190                enable_irq(int)
 .text._ZN14DigitalEncoder10InitializeEN5FEHIO8FEHIOPinENS0_21FEHIOInterruptTriggerE
                0x0000000000010350      0x21c Libraries/FEHIO.o
                0x0000000000010350                DigitalEncoder::Initialize(FEHIO::FEHIOPin, FEHIO::FEHIOInterruptTrigger)
 .text._Z9portB_isrv
                0x000000000001056c       0xd0 Libraries/FEHIO.o
                0x000000000001056c                portB_isr()
 .text._Z9portC_isrv
                0x000000000001063c       0xd4 Libraries/FEHIO.o
                0x000000000001063c                portC_isr()
 .text._Z9portA_isrv
                0x0000000000010710       0xd4 Libraries/FEHIO.o
                0x0000000000010710                portA_isr()
 .text._Z9portE_isrv
                0x00000000000107e4       0xcc Libraries/FEHIO.o
                0x00000000000107e4                portE_isr()
 .text._ZN14AnalogInputPinC2EN5FEHIO8FEHIOPinE
                0x00000000000108b0       0x20 Libraries/FEHIO.o
                0x00000000000108b0                AnalogInputPin::AnalogInputPin(FEHIO::FEHIOPin)
                0x00000000000108b0                AnalogInputPin::AnalogInputPin(FEHIO::FEHIOPin)
 .text._ZN13AnalogEncoder12EncoderValueEv
                0x00000000000108d0       0xe4 Libraries/FEHIO.o
                0x00000000000108d0                AnalogEncoder::EncoderValue()
 .text._ZN14AnalogInputPin8InitADCsEv
                0x00000000000109b4      0x120 Libraries/FEHIO.o
                0x00000000000109b4                AnalogInputPin::InitADCs()
 .text._Z8pit0_isrv
                0x0000000000010ad4       0x34 Libraries/FEHIO.o
                0x0000000000010ad4                pit0_isr()
 .text._ZN13AnalogEncoder4InitEv
                0x0000000000010b08       0x64 Libraries/FEHIO.o
                0x0000000000010b08                AnalogEncoder::Init()
 .text._ZN13AnalogEncoder14SetCounterInitEj
                0x0000000000010b6c       0x20 Libraries/FEHIO.o
                0x0000000000010b6c                AnalogEncoder::SetCounterInit(unsigned int)
 .text._ZN13AnalogEncoder10ProcessIntEv
                0x0000000000010b8c       0x80 Libraries/FEHIO.o
                0x0000000000010b8c                AnalogEncoder::ProcessInt()
 .text._ZN13AnalogEncoder14ProcessIntSelfEv
                0x0000000000010c0c       0x80 Libraries/FEHIO.o
                0x0000000000010c0c                AnalogEncoder::ProcessIntSelf()
 .text._Z7ADC_CalPV10ADC_MemMap
                0x0000000000010c8c      0x138 Drivers/adc16.o
                0x0000000000010c8c                ADC_Cal(ADC_MemMap volatile*)
 .text._Z14ADC_Config_AltPV10ADC_MemMapP7adc_cfg
                0x0000000000010dc4       0x6c Drivers/adc16.o
                0x0000000000010dc4                ADC_Config_Alt(ADC_MemMap volatile*, adc_cfg*)
 .text._ZN9FEHBuzzerC2Ev
                0x0000000000010e30       0x18 Libraries/FEHBuzzer.o
                0x0000000000010e30                FEHBuzzer::FEHBuzzer()
                0x0000000000010e30                FEHBuzzer::FEHBuzzer()
 .text._Z41__static_initialization_and_destruction_0ii
                0x0000000000010e48       0x30 Libraries/FEHBuzzer.o
 .text._GLOBAL__sub_I_Buzzer
                0x0000000000010e78       0x14 Libraries/FEHBuzzer.o
 .text._ZN8FEHServoC2ENS_12FEHServoPortE
                0x0000000000010e8c       0x3c Libraries/FEHServo.o
                0x0000000000010e8c                FEHServo::FEHServo(FEHServo::FEHServoPort)
                0x0000000000010e8c                FEHServo::FEHServo(FEHServo::FEHServoPort)
 .text._ZN8FEHServo6SetMinEi
                0x0000000000010ec8       0x3c Libraries/FEHServo.o
                0x0000000000010ec8                FEHServo::SetMin(int)
 .text._ZN8FEHServo6SetMaxEi
                0x0000000000010f04       0x3c Libraries/FEHServo.o
                0x0000000000010f04                FEHServo::SetMax(int)
 .text._ZN6FEHLCD11_InitializeEv
                0x0000000000010f40      0x5d8 Libraries/FEHLCD.o
                0x0000000000010f40                FEHLCD::_Initialize()
 .text._ZN6FEHLCDC2Ev
                0x0000000000011518       0x64 Libraries/FEHLCD.o
                0x0000000000011518                FEHLCD::FEHLCD()
                0x0000000000011518                FEHLCD::FEHLCD()
 .text._ZN6FEHLCD10InitializeEv
                0x000000000001157c       0x38 Libraries/FEHLCD.o
                0x000000000001157c                FEHLCD::Initialize()
 .text._ZN6FEHLCD10PrintImageEii
                0x00000000000115b4      0x100 Libraries/FEHLCD.o
                0x00000000000115b4                FEHLCD::PrintImage(int, int)
 .text._ZN6FEHLCD9PrintLogoEii
                0x00000000000116b4      0x100 Libraries/FEHLCD.o
                0x00000000000116b4                FEHLCD::PrintLogo(int, int)
 .text._ZN6FEHLCD22ConvertFEHColorTo24BitENS_11FEHLCDColorE
                0x00000000000117b4       0x80 Libraries/FEHLCD.o
                0x00000000000117b4                FEHLCD::ConvertFEHColorTo24Bit(FEHLCD::FEHLCDColor)
 .text._ZN6FEHLCD24Convert24BitColorTo16BitEj
                0x0000000000011834       0x40 Libraries/FEHLCD.o
                0x0000000000011834                FEHLCD::Convert24BitColorTo16Bit(unsigned int)
 .text._ZN6FEHLCD22ConvertRGBColorTo16BitEhhh
                0x0000000000011874       0x44 Libraries/FEHLCD.o
                0x0000000000011874                FEHLCD::ConvertRGBColorTo16Bit(unsigned char, unsigned char, unsigned char)
 .text._ZN6FEHLCD5ClearENS_11FEHLCDColorE
                0x00000000000118b8       0x28 Libraries/FEHLCD.o
                0x00000000000118b8                FEHLCD::Clear(FEHLCD::FEHLCDColor)
 .text._ZN6FEHLCD5ClearEj
                0x00000000000118e0       0x2c Libraries/FEHLCD.o
                0x00000000000118e0                FEHLCD::Clear(unsigned int)
 .text._ZN6FEHLCD18SetBackgroundColorENS_11FEHLCDColorE
                0x000000000001190c       0x28 Libraries/FEHLCD.o
                0x000000000001190c                FEHLCD::SetBackgroundColor(FEHLCD::FEHLCDColor)
 .text._ZN6FEHLCD18SetBackgroundColorEj
                0x0000000000011934       0x28 Libraries/FEHLCD.o
                0x0000000000011934                FEHLCD::SetBackgroundColor(unsigned int)
 .text._ZN6FEHLCD12SetFontColorENS_11FEHLCDColorE
                0x000000000001195c       0x28 Libraries/FEHLCD.o
                0x000000000001195c                FEHLCD::SetFontColor(FEHLCD::FEHLCDColor)
 .text._ZN6FEHLCD12SetFontColorEj
                0x0000000000011984       0x28 Libraries/FEHLCD.o
                0x0000000000011984                FEHLCD::SetFontColor(unsigned int)
 .text._ZN6FEHLCD7WriteAtEPKcii
                0x00000000000119ac       0x58 Libraries/FEHLCD.o
                0x00000000000119ac                FEHLCD::WriteAt(char const*, int, int)
 .text._ZN6FEHLCD11TS_SPI_InitEv
                0x0000000000011a04       0xa8 Libraries/FEHLCD.o
                0x0000000000011a04                FEHLCD::TS_SPI_Init()
 .text._ZN6FEHLCD7WriteRCEPKcii
                0x0000000000011aac       0x40 Libraries/FEHLCD.o
                0x0000000000011aac                FEHLCD::WriteRC(char const*, int, int)
 .text._ZN6FEHLCD10WriteIndexEh
                0x0000000000011aec      0x26c Libraries/FEHLCD.o
                0x0000000000011aec                FEHLCD::WriteIndex(unsigned char)
 .text._ZN6FEHLCD14WriteParameterEh
                0x0000000000011d58      0x238 Libraries/FEHLCD.o
                0x0000000000011d58                FEHLCD::WriteParameter(unsigned char)
 .text._ZN6FEHLCD6_ClearEv
                0x0000000000011f90      0x21c Libraries/FEHLCD.o
                0x0000000000011f90                FEHLCD::_Clear()
 .text._ZN6FEHLCD8NextLineEv
                0x00000000000121ac       0x30 Libraries/FEHLCD.o
                0x00000000000121ac                FEHLCD::NextLine()
 .text._ZN6FEHLCD9CheckLineEv
                0x00000000000121dc       0x2c Libraries/FEHLCD.o
                0x00000000000121dc                FEHLCD::CheckLine()
 .text._ZN6FEHLCD13SetDrawRegionEiiii
                0x0000000000012208      0x10c Libraries/FEHLCD.o
                0x0000000000012208                FEHLCD::SetDrawRegion(int, int, int, int)
 .text._ZN6FEHLCD11WriteCharAtEiic
                0x0000000000012314      0x288 Libraries/FEHLCD.o
                0x0000000000012314                FEHLCD::WriteCharAt(int, int, char)
 .text._ZN6FEHLCD11RepeatColorEv
                0x000000000001259c       0xbc Libraries/FEHLCD.o
                0x000000000001259c                FEHLCD::RepeatColor()
 .text._ZN6FEHLCD10_ForePixelEv
                0x0000000000012658      0x154 Libraries/FEHLCD.o
                0x0000000000012658                FEHLCD::_ForePixel()
 .text._ZN6FEHLCD10_BackPixelEv
                0x00000000000127ac      0x154 Libraries/FEHLCD.o
                0x00000000000127ac                FEHLCD::_BackPixel()
 .text._ZN6FEHLCD22SetRegisterColorValuesEv
                0x0000000000012900      0x478 Libraries/FEHLCD.o
                0x0000000000012900                FEHLCD::SetRegisterColorValues()
 .text._Z41__static_initialization_and_destruction_0ii
                0x0000000000012d78       0x30 Libraries/FEHLCD.o
 .text._GLOBAL__sub_I_image
                0x0000000000012da8       0x14 Libraries/FEHLCD.o
 .text._ZN8FEHAccelC2Ev
                0x0000000000012dbc       0x8c Libraries/FEHAccel.o
                0x0000000000012dbc                FEHAccel::FEHAccel()
                0x0000000000012dbc                FEHAccel::FEHAccel()
 .text._Z41__static_initialization_and_destruction_0ii
                0x0000000000012e48       0x30 Libraries/FEHAccel.o
 .text._GLOBAL__sub_I_Accel
                0x0000000000012e78       0x14 Libraries/FEHAccel.o
 .text._ZN10FEHBatteryC2EN5FEHIO8FEHIOPinE
                0x0000000000012e8c       0x24 Libraries/FEHBattery.o
                0x0000000000012e8c                FEHBattery::FEHBattery(FEHIO::FEHIOPin)
                0x0000000000012e8c                FEHBattery::FEHBattery(FEHIO::FEHIOPin)
 .text._Z41__static_initialization_and_destruction_0ii
                0x0000000000012eb0       0x34 Libraries/FEHBattery.o
 .text._GLOBAL__sub_I_Battery
                0x0000000000012ee4       0x14 Libraries/FEHBattery.o
 .text._ZN7FEHXBeeC2Ev
                0x0000000000012ef8       0x20 Drivers/FEHXBee.o
                0x0000000000012ef8                FEHXBee::FEHXBee()
                0x0000000000012ef8                FEHXBee::FEHXBee()
 .text._ZN7FEHXBee17SetPacketCallBackEPFvPhhE
                0x0000000000012f18       0x20 Drivers/FEHXBee.o
                0x0000000000012f18                FEHXBee::SetPacketCallBack(void (*)(unsigned char*, unsigned char))
 .text._Z9UART0_ISRv
                0x0000000000012f38      0x174 Drivers/FEHXBee.o
                0x0000000000012f38                UART0_ISR()
 .text._ZN6FEHRPSC2Ev
                0x00000000000130ac       0x88 Libraries/FEHRPS.o
                0x00000000000130ac                FEHRPS::FEHRPS()
                0x00000000000130ac                FEHRPS::FEHRPS()
 .text._Z14RPSDataProcessPhh
                0x0000000000013134      0x1a8 Libraries/FEHRPS.o
                0x0000000000013134                RPSDataProcess(unsigned char*, unsigned char)
 .text._Z41__static_initialization_and_destruction_0ii
                0x00000000000132dc       0x30 Libraries/FEHRPS.o
 .text._GLOBAL__sub_I_RPS
                0x000000000001330c       0x14 Libraries/FEHRPS.o
 .text._ZN5FEHSDC2Ev
                0x0000000000013320       0x24 Libraries/FEHSD.o
                0x0000000000013320                FEHSD::FEHSD()
                0x0000000000013320                FEHSD::FEHSD()
 .text._ZN5FEHSD8CloseLogEv
                0x0000000000013344       0x38 Libraries/FEHSD.o
                0x0000000000013344                FEHSD::CloseLog()
 .text._Z41__static_initialization_and_destruction_0ii
                0x000000000001337c       0x30 Libraries/FEHSD.o
 .text._GLOBAL__sub_I_SD
                0x00000000000133ac       0x14 Libraries/FEHSD.o
 .text.exit     0x00000000000133c0       0x38 /Applications/FEH//Proteus/EWL/lib/armv7e-m/libc.a(exit.o)
                0x00000000000133c0                exit
 .text.memset   0x00000000000133f8        0xc /Applications/FEH//Proteus/EWL/lib/armv7e-m/libc.a(memset.o)
                0x00000000000133f8                memset
 .text.strlen   0x0000000000013404       0x10 /Applications/FEH//Proteus/EWL/lib/armv7e-m/libc.a(strlen.o)
                0x0000000000013404                strlen
 .text.long2str.isra.0
                0x0000000000013414      0x196 /Applications/FEH//Proteus/EWL/lib/armv7e-m/libc.a(printformat_.o)
 *fill*         0x00000000000135aa        0x2 00
 .text.__pformatter_
                0x00000000000135ac      0x3f8 /Applications/FEH//Proteus/EWL/lib/armv7e-m/libc.a(printformat_.o)
                0x00000000000135ac                __pformatter_
 .text.__sformatter
                0x00000000000139a4      0x6f4 /Applications/FEH//Proteus/EWL/lib/armv7e-m/libc.a(scanformat_.o)
                0x00000000000139a4                __sformatter
 .text.isalpha  0x0000000000014098       0x1c /Applications/FEH//Proteus/EWL/lib/armv7e-m/libc.a(ctype_aeabi.o)
                0x0000000000014098                isalpha
 .text.isspace  0x00000000000140b4       0x1c /Applications/FEH//Proteus/EWL/lib/armv7e-m/libc.a(ctype_aeabi.o)
                0x00000000000140b4                isspace
 .text.toupper  0x00000000000140d0        0xc /Applications/FEH//Proteus/EWL/lib/armv7e-m/libc.a(ctype_aeabi.o)
                0x00000000000140d0                toupper
 .text.__strtoul
                0x00000000000140dc      0x214 /Applications/FEH//Proteus/EWL/lib/armv7e-m/libc.a(__strtoul.o)
                0x00000000000140dc                __strtoul
 .text.__fill_mem
                0x00000000000142f0       0x76 /Applications/FEH//Proteus/EWL/lib/armv7e-m/libc.a(__filll_mem.o)
                0x00000000000142f0                __fill_mem
 .text.memchr   0x0000000000014366       0x18 /Applications/FEH//Proteus/EWL/lib/armv7e-m/libc.a(memchr.o)
                0x0000000000014366                memchr
 .text.strchr   0x000000000001437e       0x1a /Applications/FEH//Proteus/EWL/lib/armv7e-m/libc.a(strchr.o)
                0x000000000001437e                strchr
 .text.__init_cpp
                0x0000000000014398       0x4c /Applications/FEH//Proteus/EWL/lib/armv7e-m/librt.a(gcc_ctor_dtor.o)
                0x0000000000014398                __init_cpp
 .text.__fini_cpp
                0x00000000000143e4       0x34 /Applications/FEH//Proteus/EWL/lib/armv7e-m/librt.a(gcc_ctor_dtor.o)
                0x00000000000143e4                __fini_cpp
 .text.__copy_rom_section
                0x0000000000014418       0x44 /Applications/FEH//Proteus/EWL/lib/armv7e-m/librt.a(ROMCopy.o)
                0x0000000000014418                __copy_rom_section
 .text.__copy_rom_sections_to_ram
                0x000000000001445c       0x30 /Applications/FEH//Proteus/EWL/lib/armv7e-m/librt.a(ROMCopy.o)
                0x000000000001445c                __copy_rom_sections_to_ram
 .text.__destroy_global_chain
                0x000000000001448c       0x18 /Applications/FEH//Proteus/EWL/lib/armv7e-m/librt.a(__arm_eabi_init.o)
                0x000000000001448c                __destroy_global_chain
 .text.__init_registers
                0x00000000000144a4       0x24 /Applications/FEH//Proteus/EWL/lib/armv7e-m/librt.a(__arm_eabi_init.o)
                0x00000000000144a4                __init_registers
 .text.__init_user
                0x00000000000144c8        0x4 /Applications/FEH//Proteus/EWL/lib/armv7e-m/librt.a(__arm_eabi_init.o)
                0x00000000000144c8                __init_user
 *(.rodata)
 .rodata        0x00000000000144cc       0x58 ../main.o
 .rodata        0x0000000000014524       0x78 Libraries/FEHIO.o
 .rodata        0x000000000001459c       0x34 Libraries/FEHLCD.o
 *(.rodata*)
 .rodata.K60_SDHC0_init
                0x00000000000145d0        0xc Drivers/SDHC.o
                0x00000000000145d0                K60_SDHC0_init
 .rodata._ZL21ESDHC_COMMAND_XFERTYP
                0x00000000000145dc      0x100 Drivers/SDHC.o
 .rodata._ZL9GPIOPorts
                0x00000000000146dc       0x20 Libraries/FEHIO.o
 .rodata._ZL10ADCNumbers
                0x00000000000146fc       0x24 Libraries/FEHIO.o
 .rodata._ZL14GPIOPinNumbers
                0x0000000000014720       0x80 Libraries/FEHIO.o
 .rodata._ZL16AnalogPinNumbers
                0x00000000000147a0       0x84 Libraries/FEHIO.o
 .rodata.str1.1
                0x0000000000014824        0x1 /Applications/FEH//Proteus/EWL/lib/armv7e-m/libc.a(printformat_.o)
 .rodata.CSWTCH.20
                0x0000000000014825        0x5 /Applications/FEH//Proteus/EWL/lib/armv7e-m/libc.a(printformat_.o)
 .rodata.CSWTCH.21
                0x000000000001482a        0x5 /Applications/FEH//Proteus/EWL/lib/armv7e-m/libc.a(printformat_.o)
 .rodata.__aeabi_ctype_table_C
                0x000000000001482f      0x101 /Applications/FEH//Proteus/EWL/lib/armv7e-m/libc.a(ctype_aeabi.o)
                0x000000000001482f                __aeabi_ctype_table_C
 *(.glue_7)
 .glue_7        0x0000000000000000        0x0 linker stubs
 *(.glue_7t)
 .glue_7t       0x0000000000000000        0x0 linker stubs
 *(.eh_frame)
 *(.init)
 *(.fini)
                0x0000000000014930                . = ALIGN (0x4)
                0x0000000000014930                _etext = .

.vfp11_veneer   0x0000000000014930        0x0
 .vfp11_veneer  0x0000000000000000        0x0 linker stubs

.v4_bx          0x0000000000014930        0x0
 .v4_bx         0x0000000000000000        0x0 linker stubs

.iplt           0x0000000000014930        0x0
 .iplt          0x0000000000000000        0x0 ../rpsnav.o

.rel.dyn        0x0000000000014930        0x0
 .rel.iplt      0x0000000000000000        0x0 ../rpsnav.o

.ARM.extab
 *(.ARM.extab* .gnu.linkonce.armextab.*)

.ARM            0x0000000000014930        0x0
                0x0000000000014930                __exidx_start = .
 *(.ARM.exidx*)
                0x0000000000014930                __exidx_end = .

.ctors          0x0000000000014930        0x0
                0x0000000000014930                __CTOR_LIST__ = .
 *crtbegin.o(.ctors)
 *(EXCLUDE_FILE(*crtend.o) .ctors)
 *(SORT(.ctors.*))
 *(.ctors)
                0x0000000000014930                __CTOR_END__ = .

.dtors          0x0000000000014930        0x0
                0x0000000000014930                __DTOR_LIST__ = .
 *crtbegin.o(.dtors)
 *(EXCLUDE_FILE(*crtend.o) .dtors)
 *(SORT(.dtors.*))
 *(.dtors)
                0x0000000000014930                __DTOR_END__ = .

.preinit_array  0x0000000000014930        0x0
                0x0000000000014930                PROVIDE (__preinit_array_start, .)
 *(.preinit_array*)
                0x0000000000014930                PROVIDE (__preinit_array_end, .)

.init_array     0x0000000000014930       0x24
                0x0000000000014930                PROVIDE (__init_array_start, .)
 *(SORT(.init_array.*))
 *(.init_array*)
 .init_array    0x0000000000014930        0x4 ../rpsnav.o
 .init_array    0x0000000000014934        0x4 ../main.o
 .init_array    0x0000000000014938        0x4 FEHProteus.o
 .init_array    0x000000000001493c        0x4 Libraries/FEHBuzzer.o
 .init_array    0x0000000000014940        0x4 Libraries/FEHLCD.o
 .init_array    0x0000000000014944        0x4 Libraries/FEHAccel.o
 .init_array    0x0000000000014948        0x4 Libraries/FEHBattery.o
 .init_array    0x000000000001494c        0x4 Libraries/FEHRPS.o
 .init_array    0x0000000000014950        0x4 Libraries/FEHSD.o
                0x0000000000014954                PROVIDE (__init_array_end, .)

.fini_array     0x0000000000014954        0x0
                0x0000000000014954                PROVIDE (__fini_array_start, .)
 *(SORT(.fini_array.*))
 *(.fini_array*)
                0x0000000000014954                PROVIDE (__fini_array_end, .)
                0x0000000000014954                ___ROM_AT = .

.data           0x000000001fff0400      0xd1c load address 0x0000000000014954
                0x000000001fff0400                . = ALIGN (0x4)
                0x000000001fff0400                _sdata = .
 *(.data)
 *(.data*)
 .data._ZL4Stat
                0x000000001fff0400        0x1 Drivers/SDHC.o
 *fill*         0x000000001fff0401        0x3 00
 .data.image    0x000000001fff0404      0x750 Libraries/FEHLCD.o
                0x000000001fff0404                image
 .data.logo     0x000000001fff0b54      0x3e8 Libraries/FEHLCD.o
                0x000000001fff0b54                logo
 .data._ZN6FEHLCD8fontDataE
                0x000000001fff0f3c      0x1e0 Libraries/FEHLCD.o
                0x000000001fff0f3c                FEHLCD::fontData
                0x000000001fff111c                . = ALIGN (0x4)
                0x000000001fff111c                _edata = .
                0x0000000000000d1c                ___data_size = (_edata - _sdata)
                0x0000000000015670                ___m_data2_ROMStart = (___ROM_AT + SIZEOF (.data))

.igot.plt       0x000000001fff111c        0x0 load address 0x0000000000015670
 .igot.plt      0x0000000000000000        0x0 ../rpsnav.o

.user_data2     0x0000000020000000        0x0 load address 0x0000000000015670
                0x0000000020000000                . = ALIGN (0x4)
                0x0000000020000000                ___m_data2_RAMStart = .
 *(.data2)
                0x0000000020000000                ___m_data2_RAMEnd = .
                0x0000000020000000                . = ALIGN (0x4)
                0x0000000000000000                ___m_data2_ROMSize = (___m_data2_RAMEnd - ___m_data2_RAMStart)
                0x0000000020000000                . = ALIGN (0x4)

.bss            0x000000001fff111c      0x60c load address 0x0000000000015670
                0x000000001fff111c                __START_BSS = .
                0x000000001fff111c                PROVIDE (__bss_start__, __START_BSS)
 *(.bss)
 *(.bss*)
 .bss.left_encoder
                0x000000001fff111c        0x4 ../rpsnav.o
                0x000000001fff111c                left_encoder
 .bss.right_encoder
                0x000000001fff1120        0x4 ../rpsnav.o
                0x000000001fff1120                right_encoder
 .bss.left_motor
                0x000000001fff1124        0x8 ../rpsnav.o
                0x000000001fff1124                left_motor
 .bss.right_motor
                0x000000001fff112c        0x8 ../rpsnav.o
                0x000000001fff112c                right_motor
 .bss.left      0x000000001fff1134        0x4 ../main.o
                0x000000001fff1134                left
 .bss.middle    0x000000001fff1138        0x4 ../main.o
                0x000000001fff1138                middle
 .bss.right     0x000000001fff113c        0x4 ../main.o
                0x000000001fff113c                right
 .bss.top_left_micro
                0x000000001fff1140        0x4 ../main.o
                0x000000001fff1140                top_left_micro
 .bss.top_right_micro
                0x000000001fff1144        0x4 ../main.o
                0x000000001fff1144                top_right_micro
 .bss.bottom_left_micro
                0x000000001fff1148        0x4 ../main.o
                0x000000001fff1148                bottom_left_micro
 .bss.bottom_right_micro
                0x000000001fff114c        0x4 ../main.o
                0x000000001fff114c                bottom_right_micro
 .bss.cds_cell  0x000000001fff1150        0x4 ../main.o
                0x000000001fff1150                cds_cell
 .bss.servoArm  0x000000001fff1154        0xc ../main.o
                0x000000001fff1154                servoArm
 .bss.leftEncoder
                0x000000001fff1160        0x4 ../main.o
                0x000000001fff1160                leftEncoder
 .bss.rightEncoder
                0x000000001fff1164        0x4 ../main.o
                0x000000001fff1164                rightEncoder
 .bss.leftMotor
                0x000000001fff1168        0x8 ../main.o
                0x000000001fff1168                leftMotor
 .bss.rightMotor
                0x000000001fff1170        0x8 ../main.o
                0x000000001fff1170                rightMotor
 .bss._ZL4argv  0x000000001fff1178        0x4 Startup/__arm_start.o
 .bss.MasterTransmission
                0x000000001fff117c        0x1 Drivers/i2c.o
                0x000000001fff117c                MasterTransmission
 .bss.SlaveID   0x000000001fff117d        0x1 Drivers/i2c.o
                0x000000001fff117d                SlaveID
 *fill*         0x000000001fff117e        0x2 00
 .bss.SDHC_Card
                0x000000001fff1180       0x14 Drivers/SDHC.o
                0x000000001fff1180                SDHC_Card
 .bss.SDHC_Info
                0x000000001fff1194      0x204 Drivers/SDHC.o
                0x000000001fff1194                SDHC_Info
 .bss.SDHC_Device
                0x000000001fff1398        0x8 Drivers/SDHC.o
                0x000000001fff1398                SDHC_Device
 .bss.Propeller
                0x000000001fff13a0        0x4 FEHProteus.o
                0x000000001fff13a0                Propeller
 .bss.CoreClockKHz
                0x000000001fff13a4        0x4 FEHProteus.o
                0x000000001fff13a4                CoreClockKHz
 .bss.CoreClockMHz
                0x000000001fff13a8        0x4 FEHProteus.o
                0x000000001fff13a8                CoreClockMHz
 .bss.PeripheralClockKHz
                0x000000001fff13ac        0x4 FEHProteus.o
                0x000000001fff13ac                PeripheralClockKHz
 .bss._ZN14AnalogInputPin17Master_Adc_ConfigE
                0x000000001fff13b0       0x10 Libraries/FEHIO.o
                0x000000001fff13b0                AnalogInputPin::Master_Adc_Config
 .bss._ZN14AnalogInputPin18Encoder_Adc_ConfigE
                0x000000001fff13c0       0x10 Libraries/FEHIO.o
                0x000000001fff13c0                AnalogInputPin::Encoder_Adc_Config
 .bss.interrupt_counts
                0x000000001fff13d0       0x80 Libraries/FEHIO.o
                0x000000001fff13d0                interrupt_counts
 .bss._ZN13AnalogEncoder7pinListE
                0x000000001fff1450        0x4 Libraries/FEHIO.o
                0x000000001fff1450                AnalogEncoder::pinList
 .bss.__interrupt_counter
                0x000000001fff1454        0x4 Libraries/FEHIO.o
                0x000000001fff1454                __interrupt_counter
 .bss.Buzzer    0x000000001fff1458        0x4 Libraries/FEHBuzzer.o
                0x000000001fff1458                Buzzer
 .bss.LCD       0x000000001fff145c       0x44 Libraries/FEHLCD.o
                0x000000001fff145c                LCD
 .bss.initialized
                0x000000001fff14a0        0x1 Libraries/FEHLCD.o
                0x000000001fff14a0                initialized
 *fill*         0x000000001fff14a1        0x3 00
 .bss.Accel     0x000000001fff14a4        0x4 Libraries/FEHAccel.o
                0x000000001fff14a4                Accel
 .bss.Battery   0x000000001fff14a8        0x4 Libraries/FEHBattery.o
                0x000000001fff14a8                Battery
 .bss.XBeeDataProcess
                0x000000001fff14ac        0x4 Drivers/FEHXBee.o
                0x000000001fff14ac                XBeeDataProcess
 .bss._xbeebuffer
                0x000000001fff14b0       0x10 Drivers/FEHXBee.o
                0x000000001fff14b0                _xbeebuffer
 .bss._xbeebufferindex
                0x000000001fff14c0        0x1 Drivers/FEHXBee.o
                0x000000001fff14c0                _xbeebufferindex
 .bss._xbeestate
                0x000000001fff14c1        0x1 Drivers/FEHXBee.o
                0x000000001fff14c1                _xbeestate
 .bss._xbeebytereceived
                0x000000001fff14c2        0x1 Drivers/FEHXBee.o
                0x000000001fff14c2                _xbeebytereceived
 .bss._xbeebyte
                0x000000001fff14c3        0x1 Drivers/FEHXBee.o
                0x000000001fff14c3                _xbeebyte
 .bss.RPS       0x000000001fff14c4        0x8 Libraries/FEHRPS.o
                0x000000001fff14c4                RPS
 .bss._enabled  0x000000001fff14cc        0x1 Libraries/FEHRPS.o
                0x000000001fff14cc                _enabled
 *fill*         0x000000001fff14cd        0x3 00
 .bss._RPS_x    0x000000001fff14d0        0x4 Libraries/FEHRPS.o
                0x000000001fff14d0                _RPS_x
 .bss._RPS_y    0x000000001fff14d4        0x4 Libraries/FEHRPS.o
                0x000000001fff14d4                _RPS_y
 .bss._RPS_heading
                0x000000001fff14d8        0x4 Libraries/FEHRPS.o
                0x000000001fff14d8                _RPS_heading
 .bss._RPS_objective
                0x000000001fff14dc        0x4 Libraries/FEHRPS.o
                0x000000001fff14dc                _RPS_objective
 .bss._RPS_time
                0x000000001fff14e0        0x1 Libraries/FEHRPS.o
                0x000000001fff14e0                _RPS_time
 .bss._RPS_stop
                0x000000001fff14e1        0x1 Libraries/FEHRPS.o
                0x000000001fff14e1                _RPS_stop
 .bss._RPS_foundpacket
                0x000000001fff14e2        0x1 Libraries/FEHRPS.o
                0x000000001fff14e2                _RPS_foundpacket
 *fill*         0x000000001fff14e3        0x1 00
 .bss.SD        0x000000001fff14e4        0x4 Libraries/FEHSD.o
                0x000000001fff14e4                SD
 .bss.logfil    0x000000001fff14e8      0x228 Libraries/FEHSD.o
                0x000000001fff14e8                logfil
 .bss.__stdio_exit
                0x000000001fff1710        0x4 /Applications/FEH//Proteus/EWL/lib/armv7e-m/libc.a(exit.o)
                0x000000001fff1710                __stdio_exit
 .bss.__console_exit
                0x000000001fff1714        0x4 /Applications/FEH//Proteus/EWL/lib/armv7e-m/libc.a(exit.o)
                0x000000001fff1714                __console_exit
 .bss.__S_romp  0x000000001fff1718        0xc /Applications/FEH//Proteus/EWL/lib/armv7e-m/librt.a(ROMCopy.o)
 .bss.__global_destructor_chain
                0x000000001fff1724        0x4 /Applications/FEH//Proteus/EWL/lib/armv7e-m/librt.a(__arm_eabi_init.o)
                0x000000001fff1724                __global_destructor_chain
 *(COMMON)
                0x000000001fff1728                . = ALIGN (0x4)
                0x000000001fff1728                __END_BSS = .
                0x000000001fff1728                PROVIDE (__bss_end__, __END_BSS)

._user_heap_stack
                0x000000001fff1728     0x1000 load address 0x0000000000015c7c
                0x000000001fff1728                . = ALIGN (0x4)
                0x000000001fff1728                PROVIDE (end, .)
                0x000000001fff1728                PROVIDE (_end, .)
                0x000000001fff1728                __heap_addr = .
                0x000000001fff1f28                . = (. + __heap_size)
 *fill*         0x000000001fff1728      0x800 00
                0x000000001fff2728                . = (. + __stack_size)
 *fill*         0x000000001fff1f28      0x800 00
                0x000000001fff2728                . = ALIGN (0x4)
                0x0000000000015670                _romp_at = ((___ROM_AT + SIZEOF (.data)) + SIZEOF (.user_data2))

.romp           0x0000000020000000       0x24 load address 0x0000000000015670
                0x0000000000015670                __S_romp = _romp_at
                0x0000000020000000        0x4 LONG 0x14954 ___ROM_AT
                0x0000000020000004        0x4 LONG 0x1fff0400 _sdata
                0x0000000020000008        0x4 LONG 0xd1c ___data_size
                0x000000002000000c        0x4 LONG 0x15670 ___m_data2_ROMStart
                0x0000000020000010        0x4 LONG 0x20000000 ___m_data2_RAMStart
                0x0000000020000014        0x4 LONG 0x0 ___m_data2_ROMSize
                0x0000000020000018        0x4 LONG 0x0
                0x000000002000001c        0x4 LONG 0x0
                0x0000000020000020        0x4 LONG 0x0

.ARM.attributes
                0x0000000000000000       0x33
 *(.ARM.attributes)
 .ARM.attributes
                0x0000000000000000       0x33 ../rpsnav.o
 .ARM.attributes
                0x0000000000000033       0x33 ../main.o
 .ARM.attributes
                0x0000000000000066       0x33 Startup/__arm_start.o
 .ARM.attributes
                0x0000000000000099       0x33 Startup/__arm_end.o
 .ARM.attributes
                0x00000000000000cc       0x33 Startup/kinetis_sysinit.o
 .ARM.attributes
                0x00000000000000ff       0x33 Libraries/FEHMotor.o
 .ARM.attributes
                0x0000000000000132       0x33 Drivers/i2c.o
 .ARM.attributes
                0x0000000000000165       0x33 Drivers/spi.o
 .ARM.attributes
                0x0000000000000198       0x33 Drivers/uart.o
 .ARM.attributes
                0x00000000000001cb       0x33 Drivers/ff.o
 .ARM.attributes
                0x00000000000001fe       0x33 Drivers/SDHC.o
 .ARM.attributes
                0x0000000000000231       0x33 Drivers/lptmr.o
 .ARM.attributes
                0x0000000000000264       0x33 FEHProteus.o
 .ARM.attributes
                0x0000000000000297       0x33 Drivers/FEHPropeller.o
 .ARM.attributes
                0x00000000000002ca       0x33 Libraries/FEHUtility.o
 .ARM.attributes
                0x00000000000002fd       0x33 Libraries/FEHIO.o
 .ARM.attributes
                0x0000000000000330       0x33 Drivers/adc16.o
 .ARM.attributes
                0x0000000000000363       0x33 Libraries/FEHBuzzer.o
 .ARM.attributes
                0x0000000000000396       0x33 Libraries/FEHServo.o
 .ARM.attributes
                0x00000000000003c9       0x33 Libraries/FEHLCD.o
 .ARM.attributes
                0x00000000000003fc       0x33 Libraries/FEHAccel.o
 .ARM.attributes
                0x000000000000042f       0x33 Libraries/FEHBattery.o
 .ARM.attributes
                0x0000000000000462       0x33 Drivers/FEHXBee.o
 .ARM.attributes
                0x0000000000000495       0x33 Libraries/FEHRPS.o
 .ARM.attributes
                0x00000000000004c8       0x33 Libraries/FEHSD.o
 .ARM.attributes
                0x00000000000004fb       0x33 /Applications/FEH//Proteus/EWL/lib/armv7e-m/libc.a(exit.o)
 .ARM.attributes
                0x000000000000052e       0x33 /Applications/FEH//Proteus/EWL/lib/armv7e-m/libc.a(memset.o)
 .ARM.attributes
                0x0000000000000561       0x33 /Applications/FEH//Proteus/EWL/lib/armv7e-m/libc.a(strlen.o)
 .ARM.attributes
                0x0000000000000594       0x33 /Applications/FEH//Proteus/EWL/lib/armv7e-m/libc.a(printformat_.o)
 .ARM.attributes
                0x00000000000005c7       0x33 /Applications/FEH//Proteus/EWL/lib/armv7e-m/libc.a(scanformat_.o)
 .ARM.attributes
                0x00000000000005fa       0x33 /Applications/FEH//Proteus/EWL/lib/armv7e-m/libc.a(ctype_aeabi.o)
 .ARM.attributes
                0x000000000000062d       0x33 /Applications/FEH//Proteus/EWL/lib/armv7e-m/libc.a(__strtoul.o)
 .ARM.attributes
                0x0000000000000660       0x33 /Applications/FEH//Proteus/EWL/lib/armv7e-m/libc.a(__filll_mem.o)
 .ARM.attributes
                0x0000000000000693       0x33 /Applications/FEH//Proteus/EWL/lib/armv7e-m/libc.a(memchr.o)
 .ARM.attributes
                0x00000000000006c6       0x33 /Applications/FEH//Proteus/EWL/lib/armv7e-m/libc.a(strchr.o)
 .ARM.attributes
                0x00000000000006f9       0x1e /Applications/FEH/Proteus/GCC/bin/../lib/gcc/arm-none-eabi/4.7.4/armv7e-m/libgcc.a(_arm_addsubdf3.o)
 .ARM.attributes
                0x0000000000000717       0x1e /Applications/FEH/Proteus/GCC/bin/../lib/gcc/arm-none-eabi/4.7.4/armv7e-m/libgcc.a(_arm_muldivdf3.o)
 .ARM.attributes
                0x0000000000000735       0x1e /Applications/FEH/Proteus/GCC/bin/../lib/gcc/arm-none-eabi/4.7.4/armv7e-m/libgcc.a(_arm_fixunsdfsi.o)
 .ARM.attributes
                0x0000000000000753       0x1e /Applications/FEH/Proteus/GCC/bin/../lib/gcc/arm-none-eabi/4.7.4/armv7e-m/libgcc.a(_arm_truncdfsf2.o)
 .ARM.attributes
                0x0000000000000771       0x1e /Applications/FEH/Proteus/GCC/bin/../lib/gcc/arm-none-eabi/4.7.4/armv7e-m/libgcc.a(_arm_addsubsf3.o)
 .ARM.attributes
                0x000000000000078f       0x1e /Applications/FEH/Proteus/GCC/bin/../lib/gcc/arm-none-eabi/4.7.4/armv7e-m/libgcc.a(_arm_muldivsf3.o)
 .ARM.attributes
                0x00000000000007ad       0x1e /Applications/FEH/Proteus/GCC/bin/../lib/gcc/arm-none-eabi/4.7.4/armv7e-m/libgcc.a(_arm_cmpsf2.o)
 .ARM.attributes
                0x00000000000007cb       0x33 /Applications/FEH//Proteus/EWL/lib/armv7e-m/librt.a(gcc_ctor_dtor.o)
 .ARM.attributes
                0x00000000000007fe       0x33 /Applications/FEH//Proteus/EWL/lib/armv7e-m/librt.a(ROMCopy.o)
 .ARM.attributes
                0x0000000000000831       0x33 /Applications/FEH//Proteus/EWL/lib/armv7e-m/librt.a(__arm_eabi_init.o)
OUTPUT(../FEHRobot.elf elf32-littlearm)

.debug_info     0x0000000000000000    0x14bc9
 .debug_info    0x0000000000000000      0xa73 ../rpsnav.o
 .debug_info    0x0000000000000a73     0x1709 ../main.o
 .debug_info    0x000000000000217c     0x12c4 Startup/__arm_start.o
 .debug_info    0x0000000000003440       0x50 Startup/__arm_end.o
 .debug_info    0x0000000000003490      0x57c Startup/kinetis_sysinit.o
 .debug_info    0x0000000000003a0c      0x331 Libraries/FEHMotor.o
 .debug_info    0x0000000000003d3d      0x24f Drivers/i2c.o
 .debug_info    0x0000000000003f8c      0x6c7 Drivers/spi.o
 .debug_info    0x0000000000004653      0x594 Drivers/uart.o
 .debug_info    0x0000000000004be7     0x1d9e Drivers/ff.o
 .debug_info    0x0000000000006985      0xf15 Drivers/SDHC.o
 .debug_info    0x000000000000789a      0x2d6 Drivers/lptmr.o
 .debug_info    0x0000000000007b70      0x19f FEHProteus.o
 .debug_info    0x0000000000007d0f      0x71e Drivers/FEHPropeller.o
 .debug_info    0x000000000000842d      0x36b Libraries/FEHUtility.o
 .debug_info    0x0000000000008798     0x1c8b Libraries/FEHIO.o
 .debug_info    0x000000000000a423      0x4a3 Drivers/adc16.o
 .debug_info    0x000000000000a8c6      0xa3e Libraries/FEHBuzzer.o
 .debug_info    0x000000000000b304     0x1503 Libraries/FEHServo.o
 .debug_info    0x000000000000c807     0x2c2c Libraries/FEHLCD.o
 .debug_info    0x000000000000f433      0x266 Libraries/FEHAccel.o
 .debug_info    0x000000000000f699      0x3ac Libraries/FEHBattery.o
 .debug_info    0x000000000000fa45      0xac6 Drivers/FEHXBee.o
 .debug_info    0x000000000001050b     0x1989 Libraries/FEHRPS.o
 .debug_info    0x0000000000011e94     0x1245 Libraries/FEHSD.o
 .debug_info    0x00000000000130d9       0xe8 /Applications/FEH//Proteus/EWL/lib/armv7e-m/libc.a(exit.o)
 .debug_info    0x00000000000131c1       0xec /Applications/FEH//Proteus/EWL/lib/armv7e-m/libc.a(memset.o)
 .debug_info    0x00000000000132ad       0xeb /Applications/FEH//Proteus/EWL/lib/armv7e-m/libc.a(strlen.o)
 .debug_info    0x0000000000013398      0x50e /Applications/FEH//Proteus/EWL/lib/armv7e-m/libc.a(printformat_.o)
 .debug_info    0x00000000000138a6      0x565 /Applications/FEH//Proteus/EWL/lib/armv7e-m/libc.a(scanformat_.o)
 .debug_info    0x0000000000013e0b      0x306 /Applications/FEH//Proteus/EWL/lib/armv7e-m/libc.a(ctype_aeabi.o)
 .debug_info    0x0000000000014111      0x1d6 /Applications/FEH//Proteus/EWL/lib/armv7e-m/libc.a(__strtoul.o)
 .debug_info    0x00000000000142e7      0x135 /Applications/FEH//Proteus/EWL/lib/armv7e-m/libc.a(__filll_mem.o)
 .debug_info    0x000000000001441c      0x120 /Applications/FEH//Proteus/EWL/lib/armv7e-m/libc.a(memchr.o)
 .debug_info    0x000000000001453c      0x108 /Applications/FEH//Proteus/EWL/lib/armv7e-m/libc.a(strchr.o)
 .debug_info    0x0000000000014644      0x136 /Applications/FEH//Proteus/EWL/lib/armv7e-m/librt.a(gcc_ctor_dtor.o)
 .debug_info    0x000000000001477a      0x19a /Applications/FEH//Proteus/EWL/lib/armv7e-m/librt.a(ROMCopy.o)
 .debug_info    0x0000000000014914      0x2b5 /Applications/FEH//Proteus/EWL/lib/armv7e-m/librt.a(__arm_eabi_init.o)

.debug_abbrev   0x0000000000000000     0x3d0d
 .debug_abbrev  0x0000000000000000      0x221 ../rpsnav.o
 .debug_abbrev  0x0000000000000221      0x310 ../main.o
 .debug_abbrev  0x0000000000000531      0x28b Startup/__arm_start.o
 .debug_abbrev  0x00000000000007bc       0x41 Startup/__arm_end.o
 .debug_abbrev  0x00000000000007fd      0x186 Startup/kinetis_sysinit.o
 .debug_abbrev  0x0000000000000983      0x18b Libraries/FEHMotor.o
 .debug_abbrev  0x0000000000000b0e       0xf8 Drivers/i2c.o
 .debug_abbrev  0x0000000000000c06      0x187 Drivers/spi.o
 .debug_abbrev  0x0000000000000d8d      0x15b Drivers/uart.o
 .debug_abbrev  0x0000000000000ee8      0x18b Drivers/ff.o
 .debug_abbrev  0x0000000000001073      0x21f Drivers/SDHC.o
 .debug_abbrev  0x0000000000001292       0xce Drivers/lptmr.o
 .debug_abbrev  0x0000000000001360       0xfd FEHProteus.o
 .debug_abbrev  0x000000000000145d      0x1c5 Drivers/FEHPropeller.o
 .debug_abbrev  0x0000000000001622      0x150 Libraries/FEHUtility.o
 .debug_abbrev  0x0000000000001772      0x447 Libraries/FEHIO.o
 .debug_abbrev  0x0000000000001bb9      0x126 Drivers/adc16.o
 .debug_abbrev  0x0000000000001cdf      0x1d9 Libraries/FEHBuzzer.o
 .debug_abbrev  0x0000000000001eb8      0x311 Libraries/FEHServo.o
 .debug_abbrev  0x00000000000021c9      0x38b Libraries/FEHLCD.o
 .debug_abbrev  0x0000000000002554      0x13a Libraries/FEHAccel.o
 .debug_abbrev  0x000000000000268e      0x1ca Libraries/FEHBattery.o
 .debug_abbrev  0x0000000000002858      0x230 Drivers/FEHXBee.o
 .debug_abbrev  0x0000000000002a88      0x37e Libraries/FEHRPS.o
 .debug_abbrev  0x0000000000002e06      0x339 Libraries/FEHSD.o
 .debug_abbrev  0x000000000000313f       0x7a /Applications/FEH//Proteus/EWL/lib/armv7e-m/libc.a(exit.o)
 .debug_abbrev  0x00000000000031b9       0x62 /Applications/FEH//Proteus/EWL/lib/armv7e-m/libc.a(memset.o)
 .debug_abbrev  0x000000000000321b       0x7a /Applications/FEH//Proteus/EWL/lib/armv7e-m/libc.a(strlen.o)
 .debug_abbrev  0x0000000000003295      0x200 /Applications/FEH//Proteus/EWL/lib/armv7e-m/libc.a(printformat_.o)
 .debug_abbrev  0x0000000000003495      0x1f0 /Applications/FEH//Proteus/EWL/lib/armv7e-m/libc.a(scanformat_.o)
 .debug_abbrev  0x0000000000003685       0x85 /Applications/FEH//Proteus/EWL/lib/armv7e-m/libc.a(ctype_aeabi.o)
 .debug_abbrev  0x000000000000370a       0xc2 /Applications/FEH//Proteus/EWL/lib/armv7e-m/libc.a(__strtoul.o)
 .debug_abbrev  0x00000000000037cc       0x87 /Applications/FEH//Proteus/EWL/lib/armv7e-m/libc.a(__filll_mem.o)
 .debug_abbrev  0x0000000000003853       0x95 /Applications/FEH//Proteus/EWL/lib/armv7e-m/libc.a(memchr.o)
 .debug_abbrev  0x00000000000038e8       0x89 /Applications/FEH//Proteus/EWL/lib/armv7e-m/libc.a(strchr.o)
 .debug_abbrev  0x0000000000003971       0x99 /Applications/FEH//Proteus/EWL/lib/armv7e-m/librt.a(gcc_ctor_dtor.o)
 .debug_abbrev  0x0000000000003a0a      0x137 /Applications/FEH//Proteus/EWL/lib/armv7e-m/librt.a(ROMCopy.o)
 .debug_abbrev  0x0000000000003b41      0x1cc /Applications/FEH//Proteus/EWL/lib/armv7e-m/librt.a(__arm_eabi_init.o)

.debug_loc      0x0000000000000000     0x6591
 .debug_loc     0x0000000000000000      0x25d ../rpsnav.o
 .debug_loc     0x000000000000025d      0x510 ../main.o
 .debug_loc     0x000000000000076d       0xb0 Startup/__arm_start.o
 .debug_loc     0x000000000000081d       0x38 Startup/__arm_end.o
 .debug_loc     0x0000000000000855       0x84 Startup/kinetis_sysinit.o
 .debug_loc     0x00000000000008d9       0xe0 Libraries/FEHMotor.o
 .debug_loc     0x00000000000009b9       0xe0 Drivers/i2c.o
 .debug_loc     0x0000000000000a99      0x19c Drivers/spi.o
 .debug_loc     0x0000000000000c35       0xe0 Drivers/uart.o
 .debug_loc     0x0000000000000d15      0xa96 Drivers/ff.o
 .debug_loc     0x00000000000017ab      0x370 Drivers/SDHC.o
 .debug_loc     0x0000000000001b1b       0x38 Drivers/lptmr.o
 .debug_loc     0x0000000000001b53       0x64 FEHProteus.o
 .debug_loc     0x0000000000001bb7      0x118 Drivers/FEHPropeller.o
 .debug_loc     0x0000000000001ccf      0x1a8 Libraries/FEHUtility.o
 .debug_loc     0x0000000000001e77      0x8d6 Libraries/FEHIO.o
 .debug_loc     0x000000000000274d       0xa8 Drivers/adc16.o
 .debug_loc     0x00000000000027f5      0x304 Libraries/FEHBuzzer.o
 .debug_loc     0x0000000000002af9      0x1fa Libraries/FEHServo.o
 .debug_loc     0x0000000000002cf3     0x1147 Libraries/FEHLCD.o
 .debug_loc     0x0000000000003e3a      0x144 Libraries/FEHAccel.o
 .debug_loc     0x0000000000003f7e       0xd4 Libraries/FEHBattery.o
 .debug_loc     0x0000000000004052      0x1c0 Drivers/FEHXBee.o
 .debug_loc     0x0000000000004212      0x3b0 Libraries/FEHRPS.o
 .debug_loc     0x00000000000045c2      0x188 Libraries/FEHSD.o
 .debug_loc     0x000000000000474a       0x3e /Applications/FEH//Proteus/EWL/lib/armv7e-m/libc.a(exit.o)
 .debug_loc     0x0000000000004788       0x64 /Applications/FEH//Proteus/EWL/lib/armv7e-m/libc.a(memset.o)
 .debug_loc     0x00000000000047ec       0x26 /Applications/FEH//Proteus/EWL/lib/armv7e-m/libc.a(strlen.o)
 .debug_loc     0x0000000000004812      0xbdc /Applications/FEH//Proteus/EWL/lib/armv7e-m/libc.a(printformat_.o)
 .debug_loc     0x00000000000053ee      0x8b6 /Applications/FEH//Proteus/EWL/lib/armv7e-m/libc.a(scanformat_.o)
 .debug_loc     0x0000000000005ca4      0x18e /Applications/FEH//Proteus/EWL/lib/armv7e-m/libc.a(ctype_aeabi.o)
 .debug_loc     0x0000000000005e32      0x2bb /Applications/FEH//Proteus/EWL/lib/armv7e-m/libc.a(__strtoul.o)
 .debug_loc     0x00000000000060ed      0x12c /Applications/FEH//Proteus/EWL/lib/armv7e-m/libc.a(__filll_mem.o)
 .debug_loc     0x0000000000006219       0x62 /Applications/FEH//Proteus/EWL/lib/armv7e-m/libc.a(memchr.o)
 .debug_loc     0x000000000000627b       0x7c /Applications/FEH//Proteus/EWL/lib/armv7e-m/libc.a(strchr.o)
 .debug_loc     0x00000000000062f7       0x9d /Applications/FEH//Proteus/EWL/lib/armv7e-m/librt.a(gcc_ctor_dtor.o)
 .debug_loc     0x0000000000006394       0xb9 /Applications/FEH//Proteus/EWL/lib/armv7e-m/librt.a(ROMCopy.o)
 .debug_loc     0x000000000000644d      0x144 /Applications/FEH//Proteus/EWL/lib/armv7e-m/librt.a(__arm_eabi_init.o)

.debug_aranges  0x0000000000000000      0xf20
 .debug_aranges
                0x0000000000000000       0x70 ../rpsnav.o
 .debug_aranges
                0x0000000000000070       0xd8 ../main.o
 .debug_aranges
                0x0000000000000148       0x48 Startup/__arm_start.o
 .debug_aranges
                0x0000000000000190       0x20 Startup/__arm_end.o
 .debug_aranges
                0x00000000000001b0       0x30 Startup/kinetis_sysinit.o
 .debug_aranges
                0x00000000000001e0       0x38 Libraries/FEHMotor.o
 .debug_aranges
                0x0000000000000218       0x38 Drivers/i2c.o
 .debug_aranges
                0x0000000000000250       0x58 Drivers/spi.o
 .debug_aranges
                0x00000000000002a8       0x38 Drivers/uart.o
 .debug_aranges
                0x00000000000002e0      0x198 Drivers/ff.o
 .debug_aranges
                0x0000000000000478       0x98 Drivers/SDHC.o
 .debug_aranges
                0x0000000000000510       0x20 Drivers/lptmr.o
 .debug_aranges
                0x0000000000000530       0x28 FEHProteus.o
 .debug_aranges
                0x0000000000000558       0x40 Drivers/FEHPropeller.o
 .debug_aranges
                0x0000000000000598       0x58 Libraries/FEHUtility.o
 .debug_aranges
                0x00000000000005f0      0x160 Libraries/FEHIO.o
 .debug_aranges
                0x0000000000000750       0x30 Drivers/adc16.o
 .debug_aranges
                0x0000000000000780       0x88 Libraries/FEHBuzzer.o
 .debug_aranges
                0x0000000000000808       0x60 Libraries/FEHServo.o
 .debug_aranges
                0x0000000000000868      0x290 Libraries/FEHLCD.o
 .debug_aranges
                0x0000000000000af8       0x48 Libraries/FEHAccel.o
 .debug_aranges
                0x0000000000000b40       0x38 Libraries/FEHBattery.o
 .debug_aranges
                0x0000000000000b78       0x58 Drivers/FEHXBee.o
 .debug_aranges
                0x0000000000000bd0       0xa0 Libraries/FEHRPS.o
 .debug_aranges
                0x0000000000000c70       0x50 Libraries/FEHSD.o
 .debug_aranges
                0x0000000000000cc0       0x20 /Applications/FEH//Proteus/EWL/lib/armv7e-m/libc.a(exit.o)
 .debug_aranges
                0x0000000000000ce0       0x20 /Applications/FEH//Proteus/EWL/lib/armv7e-m/libc.a(memset.o)
 .debug_aranges
                0x0000000000000d00       0x20 /Applications/FEH//Proteus/EWL/lib/armv7e-m/libc.a(strlen.o)
 .debug_aranges
                0x0000000000000d20       0x28 /Applications/FEH//Proteus/EWL/lib/armv7e-m/libc.a(printformat_.o)
 .debug_aranges
                0x0000000000000d48       0x20 /Applications/FEH//Proteus/EWL/lib/armv7e-m/libc.a(scanformat_.o)
 .debug_aranges
                0x0000000000000d68       0x88 /Applications/FEH//Proteus/EWL/lib/armv7e-m/libc.a(ctype_aeabi.o)
 .debug_aranges
                0x0000000000000df0       0x20 /Applications/FEH//Proteus/EWL/lib/armv7e-m/libc.a(__strtoul.o)
 .debug_aranges
                0x0000000000000e10       0x20 /Applications/FEH//Proteus/EWL/lib/armv7e-m/libc.a(__filll_mem.o)
 .debug_aranges
                0x0000000000000e30       0x20 /Applications/FEH//Proteus/EWL/lib/armv7e-m/libc.a(memchr.o)
 .debug_aranges
                0x0000000000000e50       0x20 /Applications/FEH//Proteus/EWL/lib/armv7e-m/libc.a(strchr.o)
 .debug_aranges
                0x0000000000000e70       0x28 /Applications/FEH//Proteus/EWL/lib/armv7e-m/librt.a(gcc_ctor_dtor.o)
 .debug_aranges
                0x0000000000000e98       0x30 /Applications/FEH//Proteus/EWL/lib/armv7e-m/librt.a(ROMCopy.o)
 .debug_aranges
                0x0000000000000ec8       0x58 /Applications/FEH//Proteus/EWL/lib/armv7e-m/librt.a(__arm_eabi_init.o)

.debug_macinfo  0x0000000000000000   0x9061ee
 .debug_macinfo
                0x0000000000000000    0x67f6b ../rpsnav.o
 .debug_macinfo
                0x0000000000067f6b    0x64793 ../main.o
 .debug_macinfo
                0x00000000000cc6fe    0x64a07 Startup/__arm_start.o
 .debug_macinfo
                0x0000000000131105     0x3670 Startup/__arm_end.o
 .debug_macinfo
                0x0000000000134775    0x64eda Startup/kinetis_sysinit.o
 .debug_macinfo
                0x000000000019964f    0x63268 Libraries/FEHMotor.o
 .debug_macinfo
                0x00000000001fc8b7    0x6339b Drivers/i2c.o
 .debug_macinfo
                0x000000000025fc52    0x631e2 Drivers/spi.o
 .debug_macinfo
                0x00000000002c2e34    0x631d3 Drivers/uart.o
 .debug_macinfo
                0x0000000000326007     0x45a2 Drivers/ff.o
 .debug_macinfo
                0x000000000032a5a9    0x64737 Drivers/SDHC.o
 .debug_macinfo
                0x000000000038ece0    0x63242 Drivers/lptmr.o
 .debug_macinfo
                0x00000000003f1f22    0x631e8 FEHProteus.o
 .debug_macinfo
                0x000000000045510a    0x63291 Drivers/FEHPropeller.o
 .debug_macinfo
                0x00000000004b839b    0x631fd Libraries/FEHUtility.o
 .debug_macinfo
                0x000000000051b598    0x64554 Libraries/FEHIO.o
 .debug_macinfo
                0x000000000057faec    0x63884 Drivers/adc16.o
 .debug_macinfo
                0x00000000005e3370    0x6322a Libraries/FEHBuzzer.o
 .debug_macinfo
                0x000000000064659a    0x64682 Libraries/FEHServo.o
 .debug_macinfo
                0x00000000006aac1c    0x64bb7 Libraries/FEHLCD.o
 .debug_macinfo
                0x000000000070f7d3    0x633ca Libraries/FEHAccel.o
 .debug_macinfo
                0x0000000000772b9d    0x638ab Libraries/FEHBattery.o
 .debug_macinfo
                0x00000000007d6448    0x63f69 Drivers/FEHXBee.o
 .debug_macinfo
                0x000000000083a3b1    0x663a0 Libraries/FEHRPS.o
 .debug_macinfo
                0x00000000008a0751    0x65a9d Libraries/FEHSD.o

.debug_line     0x0000000000000000     0x7274
 .debug_line    0x0000000000000000      0x4c5 ../rpsnav.o
 .debug_line    0x00000000000004c5      0x584 ../main.o
 .debug_line    0x0000000000000a49      0x39e Startup/__arm_start.o
 .debug_line    0x0000000000000de7      0x248 Startup/__arm_end.o
 .debug_line    0x000000000000102f      0x288 Startup/kinetis_sysinit.o
 .debug_line    0x00000000000012b7      0x24a Libraries/FEHMotor.o
 .debug_line    0x0000000000001501      0x236 Drivers/i2c.o
 .debug_line    0x0000000000001737      0x296 Drivers/spi.o
 .debug_line    0x00000000000019cd      0x21f Drivers/uart.o
 .debug_line    0x0000000000001bec      0xc64 Drivers/ff.o
 .debug_line    0x0000000000002850      0x5cd Drivers/SDHC.o
 .debug_line    0x0000000000002e1d      0x1d2 Drivers/lptmr.o
 .debug_line    0x0000000000002fef      0x1f4 FEHProteus.o
 .debug_line    0x00000000000031e3      0x267 Drivers/FEHPropeller.o
 .debug_line    0x000000000000344a      0x27e Libraries/FEHUtility.o
 .debug_line    0x00000000000036c8      0x6ab Libraries/FEHIO.o
 .debug_line    0x0000000000003d73      0x220 Drivers/adc16.o
 .debug_line    0x0000000000003f93      0x2ee Libraries/FEHBuzzer.o
 .debug_line    0x0000000000004281      0x442 Libraries/FEHServo.o
 .debug_line    0x00000000000046c3      0xcd8 Libraries/FEHLCD.o
 .debug_line    0x000000000000539b      0x24e Libraries/FEHAccel.o
 .debug_line    0x00000000000055e9      0x228 Libraries/FEHBattery.o
 .debug_line    0x0000000000005811      0x342 Drivers/FEHXBee.o
 .debug_line    0x0000000000005b53      0x5d8 Libraries/FEHRPS.o
 .debug_line    0x000000000000612b      0x342 Libraries/FEHSD.o
 .debug_line    0x000000000000646d       0x94 /Applications/FEH//Proteus/EWL/lib/armv7e-m/libc.a(exit.o)
 .debug_line    0x0000000000006501       0x8f /Applications/FEH//Proteus/EWL/lib/armv7e-m/libc.a(memset.o)
 .debug_line    0x0000000000006590       0x83 /Applications/FEH//Proteus/EWL/lib/armv7e-m/libc.a(strlen.o)
 .debug_line    0x0000000000006613      0x2b4 /Applications/FEH//Proteus/EWL/lib/armv7e-m/libc.a(printformat_.o)
 .debug_line    0x00000000000068c7      0x2df /Applications/FEH//Proteus/EWL/lib/armv7e-m/libc.a(scanformat_.o)
 .debug_line    0x0000000000006ba6      0x1a9 /Applications/FEH//Proteus/EWL/lib/armv7e-m/libc.a(ctype_aeabi.o)
 .debug_line    0x0000000000006d4f      0x11b /Applications/FEH//Proteus/EWL/lib/armv7e-m/libc.a(__strtoul.o)
 .debug_line    0x0000000000006e6a       0xcd /Applications/FEH//Proteus/EWL/lib/armv7e-m/libc.a(__filll_mem.o)
 .debug_line    0x0000000000006f37       0x9f /Applications/FEH//Proteus/EWL/lib/armv7e-m/libc.a(memchr.o)
 .debug_line    0x0000000000006fd6       0x7d /Applications/FEH//Proteus/EWL/lib/armv7e-m/libc.a(strchr.o)
 .debug_line    0x0000000000007053       0x67 /Applications/FEH//Proteus/EWL/lib/armv7e-m/librt.a(gcc_ctor_dtor.o)
 .debug_line    0x00000000000070ba       0xa9 /Applications/FEH//Proteus/EWL/lib/armv7e-m/librt.a(ROMCopy.o)
 .debug_line    0x0000000000007163      0x111 /Applications/FEH//Proteus/EWL/lib/armv7e-m/librt.a(__arm_eabi_init.o)

.debug_str      0x0000000000000000     0x5182
 .debug_str     0x0000000000000000      0x8fe ../rpsnav.o
                                        0x987 (size before relaxing)
 .debug_str     0x00000000000008fe      0xf43 ../main.o
                                       0x13d3 (size before relaxing)
 .debug_str     0x0000000000001841      0x338 Startup/__arm_start.o
                                        0xe91 (size before relaxing)
 .debug_str     0x0000000000001b79       0x23 Startup/__arm_end.o
                                         0xdc (size before relaxing)
 .debug_str     0x0000000000001b9c      0x154 Startup/kinetis_sysinit.o
                                        0x390 (size before relaxing)
 .debug_str     0x0000000000001cf0       0x4d Libraries/FEHMotor.o
                                        0x319 (size before relaxing)
 .debug_str     0x0000000000001d3d      0x11a Drivers/i2c.o
                                        0x22c (size before relaxing)
 .debug_str     0x0000000000001e57      0x18b Drivers/spi.o
                                        0x3d8 (size before relaxing)
 .debug_str     0x0000000000001fe2      0x188 Drivers/uart.o
                                        0x36d (size before relaxing)
 .debug_str     0x000000000000216a      0x6af Drivers/ff.o
                                        0x87d (size before relaxing)
 .debug_str     0x0000000000002819      0x546 Drivers/SDHC.o
                                        0x846 (size before relaxing)
 .debug_str     0x0000000000002d5f       0x5a Drivers/lptmr.o
                                        0x226 (size before relaxing)
 .debug_str     0x0000000000002db9       0x28 FEHProteus.o
                                        0x272 (size before relaxing)
 .debug_str     0x0000000000002de1       0x35 Drivers/FEHPropeller.o
                                        0x3c9 (size before relaxing)
 .debug_str     0x0000000000002e16       0xc0 Libraries/FEHUtility.o
                                        0x204 (size before relaxing)
 .debug_str     0x0000000000002ed6      0xe4d Libraries/FEHIO.o
                                       0x1451 (size before relaxing)
 .debug_str     0x0000000000003d23       0xd7 Drivers/adc16.o
                                        0x2b7 (size before relaxing)
 .debug_str     0x0000000000003dfa      0x1cc Libraries/FEHBuzzer.o
                                        0x3db (size before relaxing)
 .debug_str     0x0000000000003fc6      0x26e Libraries/FEHServo.o
                                       0x1158 (size before relaxing)
 .debug_str     0x0000000000004234      0x2e7 Libraries/FEHLCD.o
                                       0x115b (size before relaxing)
 .debug_str     0x000000000000451b       0x79 Libraries/FEHAccel.o
                                        0x1cc (size before relaxing)
 .debug_str     0x0000000000004594       0x81 Libraries/FEHBattery.o
                                        0x3ad (size before relaxing)
 .debug_str     0x0000000000004615      0x10d Drivers/FEHXBee.o
                                        0x57f (size before relaxing)
 .debug_str     0x0000000000004722      0x174 Libraries/FEHRPS.o
                                       0x151c (size before relaxing)
 .debug_str     0x0000000000004896       0x83 Libraries/FEHSD.o
                                        0xf62 (size before relaxing)
 .debug_str     0x0000000000004919       0x91 /Applications/FEH//Proteus/EWL/lib/armv7e-m/libc.a(exit.o)
                                        0x14e (size before relaxing)
 .debug_str     0x00000000000049aa       0x1c /Applications/FEH//Proteus/EWL/lib/armv7e-m/libc.a(memset.o)
                                        0x137 (size before relaxing)
 .debug_str     0x00000000000049c6       0x24 /Applications/FEH//Proteus/EWL/lib/armv7e-m/libc.a(strlen.o)
                                        0x137 (size before relaxing)
 .debug_str     0x00000000000049ea      0x21a /Applications/FEH//Proteus/EWL/lib/armv7e-m/libc.a(printformat_.o)
                                        0x3aa (size before relaxing)
 .debug_str     0x0000000000004c04      0x17b /Applications/FEH//Proteus/EWL/lib/armv7e-m/libc.a(scanformat_.o)
                                        0x3f0 (size before relaxing)
 .debug_str     0x0000000000004d7f       0x9d /Applications/FEH//Proteus/EWL/lib/armv7e-m/libc.a(ctype_aeabi.o)
                                        0x1b3 (size before relaxing)
 .debug_str     0x0000000000004e1c       0x55 /Applications/FEH//Proteus/EWL/lib/armv7e-m/libc.a(__strtoul.o)
                                        0x1f2 (size before relaxing)
 .debug_str     0x0000000000004e71       0x25 /Applications/FEH//Proteus/EWL/lib/armv7e-m/libc.a(__filll_mem.o)
                                        0x149 (size before relaxing)
 .debug_str     0x0000000000004e96       0x1c /Applications/FEH//Proteus/EWL/lib/armv7e-m/libc.a(memchr.o)
                                        0x13f (size before relaxing)
 .debug_str     0x0000000000004eb2       0x1c /Applications/FEH//Proteus/EWL/lib/armv7e-m/libc.a(strchr.o)
                                        0x12e (size before relaxing)
 .debug_str     0x0000000000004ece      0x126 /Applications/FEH//Proteus/EWL/lib/armv7e-m/librt.a(gcc_ctor_dtor.o)
                                        0x178 (size before relaxing)
 .debug_str     0x0000000000004ff4       0x9b /Applications/FEH//Proteus/EWL/lib/armv7e-m/librt.a(ROMCopy.o)
                                        0x133 (size before relaxing)
 .debug_str     0x000000000000508f       0xf3 /Applications/FEH//Proteus/EWL/lib/armv7e-m/librt.a(__arm_eabi_init.o)
                                        0x1ac (size before relaxing)

.comment        0x0000000000000000       0x70
 .comment       0x0000000000000000       0x70 ../rpsnav.o
                                         0x71 (size before relaxing)
 .comment       0x0000000000000000       0x71 ../main.o
 .comment       0x0000000000000000       0x71 Startup/__arm_start.o
 .comment       0x0000000000000000       0x71 Startup/__arm_end.o
 .comment       0x0000000000000000       0x71 Startup/kinetis_sysinit.o
 .comment       0x0000000000000000       0x71 Libraries/FEHMotor.o
 .comment       0x0000000000000000       0x71 Drivers/i2c.o
 .comment       0x0000000000000000       0x71 Drivers/spi.o
 .comment       0x0000000000000000       0x71 Drivers/uart.o
 .comment       0x0000000000000000       0x71 Drivers/ff.o
 .comment       0x0000000000000000       0x71 Drivers/SDHC.o
 .comment       0x0000000000000000       0x71 Drivers/lptmr.o
 .comment       0x0000000000000000       0x71 FEHProteus.o
 .comment       0x0000000000000000       0x71 Drivers/FEHPropeller.o
 .comment       0x0000000000000000       0x71 Libraries/FEHUtility.o
 .comment       0x0000000000000000       0x71 Libraries/FEHIO.o
 .comment       0x0000000000000000       0x71 Drivers/adc16.o
 .comment       0x0000000000000000       0x71 Libraries/FEHBuzzer.o
 .comment       0x0000000000000000       0x71 Libraries/FEHServo.o
 .comment       0x0000000000000000       0x71 Libraries/FEHLCD.o
 .comment       0x0000000000000000       0x71 Libraries/FEHAccel.o
 .comment       0x0000000000000000       0x71 Libraries/FEHBattery.o
 .comment       0x0000000000000000       0x71 Drivers/FEHXBee.o
 .comment       0x0000000000000000       0x71 Libraries/FEHRPS.o
 .comment       0x0000000000000000       0x71 Libraries/FEHSD.o
 .comment       0x0000000000000000       0x71 /Applications/FEH//Proteus/EWL/lib/armv7e-m/libc.a(exit.o)
 .comment       0x0000000000000000       0x71 /Applications/FEH//Proteus/EWL/lib/armv7e-m/libc.a(memset.o)
 .comment       0x0000000000000000       0x71 /Applications/FEH//Proteus/EWL/lib/armv7e-m/libc.a(strlen.o)
 .comment       0x0000000000000000       0x71 /Applications/FEH//Proteus/EWL/lib/armv7e-m/libc.a(printformat_.o)
 .comment       0x0000000000000000       0x71 /Applications/FEH//Proteus/EWL/lib/armv7e-m/libc.a(scanformat_.o)
 .comment       0x0000000000000000       0x71 /Applications/FEH//Proteus/EWL/lib/armv7e-m/libc.a(ctype_aeabi.o)
 .comment       0x0000000000000000       0x71 /Applications/FEH//Proteus/EWL/lib/armv7e-m/libc.a(__strtoul.o)
 .comment       0x0000000000000000       0x71 /Applications/FEH//Proteus/EWL/lib/armv7e-m/libc.a(__filll_mem.o)
 .comment       0x0000000000000000       0x71 /Applications/FEH//Proteus/EWL/lib/armv7e-m/libc.a(memchr.o)
 .comment       0x0000000000000000       0x71 /Applications/FEH//Proteus/EWL/lib/armv7e-m/libc.a(strchr.o)
 .comment       0x0000000000000000       0x71 /Applications/FEH//Proteus/EWL/lib/armv7e-m/librt.a(gcc_ctor_dtor.o)
 .comment       0x0000000000000000       0x71 /Applications/FEH//Proteus/EWL/lib/armv7e-m/librt.a(ROMCopy.o)
 .comment       0x0000000000000000       0x71 /Applications/FEH//Proteus/EWL/lib/armv7e-m/librt.a(__arm_eabi_init.o)

.debug_frame    0x0000000000000000     0x2d94
 .debug_frame   0x0000000000000000      0x184 ../rpsnav.o
 .debug_frame   0x0000000000000184      0x32c ../main.o
 .debug_frame   0x00000000000004b0       0x98 Startup/__arm_start.o
 .debug_frame   0x0000000000000548       0x2c Startup/__arm_end.o
 .debug_frame   0x0000000000000574       0x5c Startup/kinetis_sysinit.o
 .debug_frame   0x00000000000005d0       0x94 Libraries/FEHMotor.o
 .debug_frame   0x0000000000000664       0x88 Drivers/i2c.o
 .debug_frame   0x00000000000006ec       0xf8 Drivers/spi.o
 .debug_frame   0x00000000000007e4       0x84 Drivers/uart.o
 .debug_frame   0x0000000000000868      0x5e8 Drivers/ff.o
 .debug_frame   0x0000000000000e50      0x1e8 Drivers/SDHC.o
 .debug_frame   0x0000000000001038       0x2c Drivers/lptmr.o
 .debug_frame   0x0000000000001064       0x4c FEHProteus.o
 .debug_frame   0x00000000000010b0       0xa8 Drivers/FEHPropeller.o
 .debug_frame   0x0000000000001158       0xf8 Libraries/FEHUtility.o
 .debug_frame   0x0000000000001250      0x4e8 Libraries/FEHIO.o
 .debug_frame   0x0000000000001738       0x64 Drivers/adc16.o
 .debug_frame   0x000000000000179c      0x1c8 Libraries/FEHBuzzer.o
 .debug_frame   0x0000000000001964      0x130 Libraries/FEHServo.o
 .debug_frame   0x0000000000001a94      0x9c0 Libraries/FEHLCD.o
 .debug_frame   0x0000000000002454       0xd8 Libraries/FEHAccel.o
 .debug_frame   0x000000000000252c       0x8c Libraries/FEHBattery.o
 .debug_frame   0x00000000000025b8       0xfc Drivers/FEHXBee.o
 .debug_frame   0x00000000000026b4      0x214 Libraries/FEHRPS.o
 .debug_frame   0x00000000000028c8       0xf0 Libraries/FEHSD.o
 .debug_frame   0x00000000000029b8       0x28 /Applications/FEH//Proteus/EWL/lib/armv7e-m/libc.a(exit.o)
 .debug_frame   0x00000000000029e0       0x28 /Applications/FEH//Proteus/EWL/lib/armv7e-m/libc.a(memset.o)
 .debug_frame   0x0000000000002a08       0x20 /Applications/FEH//Proteus/EWL/lib/armv7e-m/libc.a(strlen.o)
 .debug_frame   0x0000000000002a28       0x64 /Applications/FEH//Proteus/EWL/lib/armv7e-m/libc.a(printformat_.o)
 .debug_frame   0x0000000000002a8c       0x3c /Applications/FEH//Proteus/EWL/lib/armv7e-m/libc.a(scanformat_.o)
 .debug_frame   0x0000000000002ac8       0xf0 /Applications/FEH//Proteus/EWL/lib/armv7e-m/libc.a(ctype_aeabi.o)
 .debug_frame   0x0000000000002bb8       0x3c /Applications/FEH//Proteus/EWL/lib/armv7e-m/libc.a(__strtoul.o)
 .debug_frame   0x0000000000002bf4       0x2c /Applications/FEH//Proteus/EWL/lib/armv7e-m/libc.a(__filll_mem.o)
 .debug_frame   0x0000000000002c20       0x20 /Applications/FEH//Proteus/EWL/lib/armv7e-m/libc.a(memchr.o)
 .debug_frame   0x0000000000002c40       0x20 /Applications/FEH//Proteus/EWL/lib/armv7e-m/libc.a(strchr.o)
 .debug_frame   0x0000000000002c60       0x40 /Applications/FEH//Proteus/EWL/lib/armv7e-m/librt.a(gcc_ctor_dtor.o)
 .debug_frame   0x0000000000002ca0       0x48 /Applications/FEH//Proteus/EWL/lib/armv7e-m/librt.a(ROMCopy.o)
 .debug_frame   0x0000000000002ce8       0xac /Applications/FEH//Proteus/EWL/lib/armv7e-m/librt.a(__arm_eabi_init.o)
